// Jest Snapshot v1, https://goo.gl/fbAQLP

exports[`PrivateRoute matches snapshot for add trips 1`] = `
<Route
  clearEditTrip={[MockFunction]}
  path="/addTrip"
  render={[Function]}
  tripToEdit={null}
/>
`;

exports[`PrivateRoute matches snapshot for my trips 1`] = `
<Route
  editTrip={[MockFunction]}
  path="/myTrips"
  render={[Function]}
  showMyTrips={true}
/>
`;
