// Jest Snapshot v1, https://goo.gl/fbAQLP

exports[`PictureCarousel matches snapshot for image divs it hosts 1`] = `
<Carousel
  arrows={false}
  dots={true}
  draggable={true}
>
  <div
    key="0"
  >
    <img
      alt="dummyname1"
      className="carouselPicture"
      src="dummys3url1"
    />
  </div>
  <div
    key="1"
  >
    <img
      alt="dummyname2"
      className="carouselPicture"
      src="dummys3url2"
    />
  </div>
  <div
    key="2"
  >
    <img
      alt="dummyname3"
      className="carouselPicture"
      src="dummys3url3"
    />
  </div>
</Carousel>
`;
